// Jest Snapshot v1, https://goo.gl/fbAQLP

exports[`with board prop -loaded from componentDidMount matches snapshot 1`] = `
<section>
  <div
    className="board-header"
  >
    <Link
      className="btn btn--danger board-header__link"
      replace={false}
      to="/"
    >
      Back To All Boards
    </Link>
    <h1
      className="board-header__title"
    >
      test board
    </h1>
  </div>
  <withRouter(Connect(Threads)) />
</section>
`;

exports[`without board fetched matches snapshot 1`] = `<_default />`;
