// Jest Snapshot v1, https://goo.gl/fbAQLP

exports[`matches snapshot 1`] = `
<section
  className="container"
>
  <header>
    <Link
      className=" btn btn--danger"
      replace={false}
      to="/"
    >
      Back To Boards
    </Link>
    <h1>
      Create New Board
    </h1>
  </header>
  <form
    className="form"
    onSubmit={[Function]}
  >
    <label
      className="form__label"
      htmlFor="name"
    >
      Name
    </label>
    <input
      className="form__input"
      name="name"
      onChange={[Function]}
      placeholder="sweet new board"
      type="text"
      value=""
    />
    <button
      className="btn"
    >
      Create
    </button>
  </form>
</section>
`;
